// Jest Snapshot v1, https://goo.gl/fbAQLP

exports[`cart-item should render CartItem component 1`] = `
<CartItemContainer>
  <ImgContainer
    alt="item"
    src="https://www.testImage.com"
  />
  <ItemDetailsContainer>
    <NameContainer>
      jackets
    </NameContainer>
    <span>
      2
       x $
      90
    </span>
  </ItemDetailsContainer>
</CartItemContainer>
`;
